2026-05-30 01:14:45,471 18498 INFO ? odoo: Odoo version 19.0 
2026-05-30 01:14:45,471 18498 INFO ? odoo: Using configuration file at /Users/trung/projects/odoo/odoo.conf 
2026-05-30 01:14:45,471 18498 INFO ? odoo: addons paths: _NamespacePath(['/Users/trung/projects/odoo/odoo/addons', '/Users/trung/Library/Application Support/Odoo/addons/19.0', '/Users/trung/projects/odoo/addons', '/Users/trung/projects/odoo/custom_addons']) 
2026-05-30 01:14:45,472 18498 INFO ? odoo: database: odoo@localhost:5433 
2026-05-30 01:14:45,763 18498 INFO odoo_dev odoo.modules.loading: loading 1 modules... 
2026-05-30 01:14:45,765 18498 INFO odoo_dev odoo.modules.loading: 1 modules loaded in 0.00s, 0 queries (+0 extra) 
2026-05-30 01:14:45,777 18498 INFO odoo_dev odoo.modules.loading: updating modules list 
2026-05-30 01:14:45,780 18498 INFO odoo_dev odoo.addons.base.models.ir_module: ALLOW access to module.update_list on [] to user __system__ #1 via n/a 
2026-05-30 01:14:46,479 18498 INFO odoo_dev odoo.addons.base.models.ir_module: ALLOW access to module.button_upgrade on ['CRM AI Banking'] to user __system__ #1 via n/a 
2026-05-30 01:14:46,479 18498 INFO odoo_dev odoo.addons.base.models.ir_module: ALLOW access to module.update_list on ['CRM AI Banking'] to user __system__ #1 via n/a 
2026-05-30 01:14:46,946 18498 INFO odoo_dev odoo.addons.base.models.ir_module: ALLOW access to module.button_install on [] to user __system__ #1 via n/a 
2026-05-30 01:14:46,963 18498 INFO odoo_dev odoo.modules.loading: loading 92 modules... 
2026-05-30 01:14:47,320 18498 INFO odoo_dev odoo.modules.loading: Loading module crm_ai_banking (67/92) 
2026-05-30 01:14:47,436 18498 INFO odoo_dev odoo.registry: module crm_ai_banking: creating or updating database tables 
2026-05-30 01:14:47,485 18498 INFO odoo_dev odoo.models: Prepare computation of crm.lead.customer_display_name 
2026-05-30 01:14:47,723 18498 INFO odoo_dev odoo.modules.loading: loading crm_ai_banking/security/ir.model.access.csv 
2026-05-30 01:14:48,340 18498 INFO odoo_dev odoo.modules.loading: loading crm_ai_banking/data/mail_activity_type_data.xml 
2026-05-30 01:14:48,341 18498 INFO odoo_dev odoo.modules.loading: loading crm_ai_banking/data/ir_cron_data.xml 
2026-05-30 01:14:48,374 18498 INFO odoo_dev odoo.modules.loading: loading crm_ai_banking/data/product_checklist_data.xml 
2026-05-30 01:14:48,382 18498 INFO odoo_dev odoo.modules.loading: loading crm_ai_banking/data/product_eligibility_data.xml 
2026-05-30 01:14:48,385 18498 INFO odoo_dev odoo.modules.loading: loading crm_ai_banking/data/customer_segment_data.xml 
2026-05-30 01:14:48,388 18498 INFO odoo_dev odoo.modules.loading: loading crm_ai_banking/views/crm_ai_config_views.xml 
2026-05-30 01:14:48,401 18498 WARNING odoo_dev odoo.addons.base.models.ir_ui_view: An alert (class alert-*) must have an alert, alertdialog or status role or an alert-link class. Please use alert and alertdialog only for what expects to stop any activity to be read immediately.
View error context:
{'file': '/Users/trung/projects/odoo/custom_addons/crm_ai_banking/views/crm_ai_config_views.xml',
 'line': 94,
 'name': 'crm.ai.config.form',
 'view': ir.ui.view(2851,),
 'view.model': 'crm.ai.config',
 'view.parent': ir.ui.view(),
 'xmlid': 'crm_ai_config_form_view'} 
2026-05-30 01:14:48,407 18498 INFO odoo_dev odoo.modules.loading: loading crm_ai_banking/views/crm_ai_call_session_views.xml 
2026-05-30 01:14:48,420 18498 INFO odoo_dev odoo.modules.loading: loading crm_ai_banking/views/crm_customer_segment_views.xml 
2026-05-30 01:14:48,433 18498 INFO odoo_dev odoo.modules.loading: loading crm_ai_banking/views/crm_account_contact_views.xml 
2026-05-30 01:14:48,442 18498 INFO odoo_dev odoo.modules.loading: loading crm_ai_banking/views/crm_ai_document_views.xml 
2026-05-30 01:14:48,451 18498 INFO odoo_dev odoo.modules.loading: loading crm_ai_banking/views/crm_product_recommendation_views.xml 
2026-05-30 01:14:48,465 18498 INFO odoo_dev odoo.modules.loading: loading crm_ai_banking/views/crm_ai_coaching_report_views.xml 
2026-05-30 01:14:48,473 18498 INFO odoo_dev odoo.modules.loading: loading crm_ai_banking/views/crm_lead_views_inherit.xml 
2026-05-30 01:14:48,483 18498 WARNING odoo_dev odoo.addons.base.models.ir_ui_view: An alert (class alert-*) must have an alert, alertdialog or status role or an alert-link class. Please use alert and alertdialog only for what expects to stop any activity to be read immediately.
View error context:
{'file': '/Users/trung/projects/odoo/custom_addons/crm_ai_banking/views/crm_lead_views_inherit.xml',
 'line': 29,
 'name': 'crm.lead.form.inherit.ai',
 'view': ir.ui.view(2855,),
 'view.model': 'crm.lead',
 'view.parent': ir.ui.view(1361,),
 'xmlid': 'crm_lead_form_inherit_ai'} 
2026-05-30 01:14:48,492 18498 WARNING odoo_dev odoo.addons.base.models.ir_ui_view: An alert (class alert-*) must have an alert, alertdialog or status role or an alert-link class. Please use alert and alertdialog only for what expects to stop any activity to be read immediately.
View error context:
{'file': '/Users/trung/projects/odoo/custom_addons/crm_ai_banking/views/crm_lead_views_inherit.xml',
 'line': 28,
 'name': 'crm.lead.form.inherit.ai',
 'view': ir.ui.view(2855,),
 'view.model': 'crm.lead',
 'view.parent': ir.ui.view(1361,),
 'xmlid': 'crm_lead_form_inherit_ai'} 
2026-05-30 01:14:48,517 18498 WARNING odoo_dev odoo.addons.base.models.ir_ui_view: An alert (class alert-*) must have an alert, alertdialog or status role or an alert-link class. Please use alert and alertdialog only for what expects to stop any activity to be read immediately.
View error context:
{'file': '/Users/trung/projects/odoo/custom_addons/crm_ai_banking/views/crm_lead_views_inherit.xml',
 'line': 28,
 'name': 'crm.lead.form.inherit.checklist',
 'view': ir.ui.view(2856,),
 'view.model': 'crm.lead',
 'view.parent': ir.ui.view(1361,),
 'xmlid': 'crm_lead_form_inherit_checklist'} 
2026-05-30 01:14:48,523 18498 WARNING odoo_dev odoo.addons.base.models.ir_ui_view: An alert (class alert-*) must have an alert, alertdialog or status role or an alert-link class. Please use alert and alertdialog only for what expects to stop any activity to be read immediately.
View error context:
{'file': '/Users/trung/projects/odoo/custom_addons/crm_ai_banking/views/crm_lead_views_inherit.xml',
 'line': 28,
 'name': 'crm.lead.form.inherit.checklist',
 'view': ir.ui.view(2856,),
 'view.model': 'crm.lead',
 'view.parent': ir.ui.view(1361,),
 'xmlid': 'crm_lead_form_inherit_checklist'} 
2026-05-30 01:14:48,527 18498 INFO odoo_dev odoo.modules.loading: loading crm_ai_banking/views/crm_document_checklist_views.xml 
2026-05-30 01:14:48,541 18498 INFO odoo_dev odoo.modules.loading: loading crm_ai_banking/views/wizard_scan_document_views.xml 
2026-05-30 01:14:48,548 18498 INFO odoo_dev odoo.modules.loading: loading crm_ai_banking/views/wizard_zalo_compose_views.xml 
2026-05-30 01:14:48,554 18498 INFO odoo_dev odoo.modules.loading: loading crm_ai_banking/views/wizard_generate_proposal_views.xml 
2026-05-30 01:14:48,559 18498 INFO odoo_dev odoo.modules.loading: loading crm_ai_banking/views/res_partner_views_inherit.xml 
2026-05-30 01:14:48,576 18498 INFO odoo_dev odoo.modules.loading: loading crm_ai_banking/views/menu.xml 
2026-05-30 01:14:48,601 18498 INFO odoo_dev odoo.addons.base.models.ir_module: module crm_ai_banking: no translation for language zh_TW 
2026-05-30 01:14:48,604 18498 INFO odoo_dev odoo.addons.base.models.ir_module: module crm_ai_banking: no translation for language ja_JP 
2026-05-30 01:14:48,606 18498 INFO odoo_dev odoo.addons.base.models.ir_module: module crm_ai_banking: no translation for language ko_KP 
2026-05-30 01:14:48,607 18498 INFO odoo_dev odoo.addons.base.models.ir_module: module crm_ai_banking: no translation for language vi_VN 
2026-05-30 01:14:48,632 18498 INFO odoo_dev odoo.modules.loading: Module crm_ai_banking loaded in 1.31s, 1257 queries (+1257 other) 
2026-05-30 01:14:48,666 18498 INFO odoo_dev odoo.modules.loading: 92 modules loaded in 1.70s, 1257 queries (+1257 extra) 
2026-05-30 01:14:48,895 18498 INFO odoo_dev odoo.registry: verifying fields for every extended model 
2026-05-30 01:14:49,284 18498 INFO odoo_dev odoo.modules.loading: Modules loaded. 
2026-05-30 01:14:49,294 18498 INFO odoo_dev odoo.registry: Registry changed, signaling through the database 
2026-05-30 01:14:49,295 18498 INFO odoo_dev odoo.registry: Registry loaded in 3.570s 
2026-05-30 01:14:49,295 18498 INFO odoo_dev odoo.service.server: Initiating shutdown 
2026-05-30 01:14:49,295 18498 INFO odoo_dev odoo.service.server: Hit CTRL-C again or send a second signal to force the shutdown. 
2026-05-30 01:14:49,295 18498 INFO odoo_dev odoo.sql_db: ConnectionPool(read/write;used=0/count=0/max=64): Closed 1 connections  
