2026-05-30 01:50:32,554 28307 INFO ? odoo: Odoo version 19.0 
2026-05-30 01:50:32,554 28307 INFO ? odoo: Using configuration file at /Users/trung/projects/odoo/odoo.conf 
2026-05-30 01:50:32,554 28307 INFO ? odoo: addons paths: _NamespacePath(['/Users/trung/projects/odoo/odoo/addons', '/Users/trung/Library/Application Support/Odoo/addons/19.0', '/Users/trung/projects/odoo/addons', '/Users/trung/projects/odoo/custom_addons']) 
2026-05-30 01:50:32,554 28307 INFO ? odoo: database: odoo@localhost:5433 
2026-05-30 01:50:32,827 28307 INFO odoo_dev odoo.modules.loading: loading 1 modules... 
2026-05-30 01:50:32,829 28307 INFO odoo_dev odoo.modules.loading: 1 modules loaded in 0.00s, 0 queries (+0 extra) 
2026-05-30 01:50:32,842 28307 INFO odoo_dev odoo.modules.loading: updating modules list 
2026-05-30 01:50:32,843 28307 INFO odoo_dev odoo.addons.base.models.ir_module: ALLOW access to module.update_list on [] to user __system__ #1 via n/a 
2026-05-30 01:50:33,693 28307 INFO odoo_dev odoo.addons.base.models.ir_module: ALLOW access to module.button_upgrade on ['CRM AI Banking'] to user __system__ #1 via n/a 
2026-05-30 01:50:33,693 28307 INFO odoo_dev odoo.addons.base.models.ir_module: ALLOW access to module.update_list on ['CRM AI Banking'] to user __system__ #1 via n/a 
2026-05-30 01:50:34,117 28307 INFO odoo_dev odoo.addons.base.models.ir_module: ALLOW access to module.button_install on [] to user __system__ #1 via n/a 
2026-05-30 01:50:34,134 28307 INFO odoo_dev odoo.modules.loading: loading 92 modules... 
2026-05-30 01:50:34,481 28307 INFO odoo_dev odoo.modules.loading: Loading module crm_ai_banking (67/92) 
2026-05-30 01:50:34,591 28307 INFO odoo_dev odoo.registry: module crm_ai_banking: creating or updating database tables 
2026-05-30 01:50:34,913 28307 INFO odoo_dev odoo.modules.loading: loading crm_ai_banking/security/security_groups.xml 
2026-05-30 01:50:34,927 28307 INFO odoo_dev odoo.modules.loading: loading crm_ai_banking/security/ir.model.access.csv 
2026-05-30 01:50:35,553 28307 INFO odoo_dev odoo.modules.loading: loading crm_ai_banking/data/mail_activity_type_data.xml 
2026-05-30 01:50:35,553 28307 INFO odoo_dev odoo.modules.loading: loading crm_ai_banking/data/ir_cron_data.xml 
2026-05-30 01:50:35,598 28307 INFO odoo_dev odoo.modules.loading: loading crm_ai_banking/data/product_checklist_data.xml 
2026-05-30 01:50:35,606 28307 INFO odoo_dev odoo.modules.loading: loading crm_ai_banking/data/product_eligibility_data.xml 
2026-05-30 01:50:35,610 28307 INFO odoo_dev odoo.modules.loading: loading crm_ai_banking/data/customer_segment_data.xml 
2026-05-30 01:50:35,612 28307 INFO odoo_dev odoo.modules.loading: loading crm_ai_banking/views/crm_ai_config_views.xml 
2026-05-30 01:50:35,620 28307 WARNING odoo_dev odoo.addons.base.models.ir_ui_view: An alert (class alert-*) must have an alert, alertdialog or status role or an alert-link class. Please use alert and alertdialog only for what expects to stop any activity to be read immediately.
View error context:
{'file': '/Users/trung/projects/odoo/custom_addons/crm_ai_banking/views/crm_ai_config_views.xml',
 'line': 94,
 'name': 'crm.ai.config.form',
 'view': ir.ui.view(2851,),
 'view.model': 'crm.ai.config',
 'view.parent': ir.ui.view(),
 'xmlid': 'crm_ai_config_form_view'} 
2026-05-30 01:50:35,626 28307 INFO odoo_dev odoo.modules.loading: loading crm_ai_banking/views/crm_ai_call_session_views.xml 
2026-05-30 01:50:35,638 28307 INFO odoo_dev odoo.modules.loading: loading crm_ai_banking/views/crm_customer_segment_views.xml 
2026-05-30 01:50:35,650 28307 INFO odoo_dev odoo.modules.loading: loading crm_ai_banking/views/crm_account_contact_views.xml 
2026-05-30 01:50:35,659 28307 INFO odoo_dev odoo.modules.loading: loading crm_ai_banking/views/crm_ai_document_views.xml 
2026-05-30 01:50:35,668 28307 INFO odoo_dev odoo.modules.loading: loading crm_ai_banking/views/crm_product_recommendation_views.xml 
2026-05-30 01:50:35,682 28307 INFO odoo_dev odoo.modules.loading: loading crm_ai_banking/views/crm_ai_coaching_report_views.xml 
2026-05-30 01:50:35,690 28307 INFO odoo_dev odoo.modules.loading: loading crm_ai_banking/views/corebanking_sync_views.xml 
2026-05-30 01:50:35,709 28307 INFO odoo_dev odoo.modules.loading: loading crm_ai_banking/views/crm_lead_views_inherit.xml 
2026-05-30 01:50:35,719 28307 WARNING odoo_dev odoo.addons.base.models.ir_ui_view: An alert (class alert-*) must have an alert, alertdialog or status role or an alert-link class. Please use alert and alertdialog only for what expects to stop any activity to be read immediately.
View error context:
{'file': '/Users/trung/projects/odoo/custom_addons/crm_ai_banking/views/crm_lead_views_inherit.xml',
 'line': 28,
 'name': 'crm.lead.form.inherit.ai',
 'view': ir.ui.view(2855,),
 'view.model': 'crm.lead',
 'view.parent': ir.ui.view(1361,),
 'xmlid': 'crm_lead_form_inherit_ai'} 
2026-05-30 01:50:35,729 28307 WARNING odoo_dev odoo.addons.base.models.ir_ui_view: An alert (class alert-*) must have an alert, alertdialog or status role or an alert-link class. Please use alert and alertdialog only for what expects to stop any activity to be read immediately.
View error context:
{'file': '/Users/trung/projects/odoo/custom_addons/crm_ai_banking/views/crm_lead_views_inherit.xml',
 'line': 27,
 'name': 'crm.lead.form.inherit.ai',
 'view': ir.ui.view(2855,),
 'view.model': 'crm.lead',
 'view.parent': ir.ui.view(1361,),
 'xmlid': 'crm_lead_form_inherit_ai'} 
2026-05-30 01:50:35,764 28307 WARNING odoo_dev odoo.addons.base.models.ir_ui_view: An alert (class alert-*) must have an alert, alertdialog or status role or an alert-link class. Please use alert and alertdialog only for what expects to stop any activity to be read immediately.
View error context:
{'file': '/Users/trung/projects/odoo/custom_addons/crm_ai_banking/views/crm_lead_views_inherit.xml',
 'line': 27,
 'name': 'crm.lead.form.inherit.checklist',
 'view': ir.ui.view(2856,),
 'view.model': 'crm.lead',
 'view.parent': ir.ui.view(1361,),
 'xmlid': 'crm_lead_form_inherit_checklist'} 
2026-05-30 01:50:35,770 28307 WARNING odoo_dev odoo.addons.base.models.ir_ui_view: An alert (class alert-*) must have an alert, alertdialog or status role or an alert-link class. Please use alert and alertdialog only for what expects to stop any activity to be read immediately.
View error context:
{'file': '/Users/trung/projects/odoo/custom_addons/crm_ai_banking/views/crm_lead_views_inherit.xml',
 'line': 27,
 'name': 'crm.lead.form.inherit.checklist',
 'view': ir.ui.view(2856,),
 'view.model': 'crm.lead',
 'view.parent': ir.ui.view(1361,),
 'xmlid': 'crm_lead_form_inherit_checklist'} 
2026-05-30 01:50:35,773 28307 INFO odoo_dev odoo.modules.loading: loading crm_ai_banking/views/crm_document_checklist_views.xml 
2026-05-30 01:50:35,788 28307 INFO odoo_dev odoo.modules.loading: loading crm_ai_banking/views/wizard_scan_document_views.xml 
2026-05-30 01:50:35,795 28307 INFO odoo_dev odoo.modules.loading: loading crm_ai_banking/views/wizard_zalo_compose_views.xml 
2026-05-30 01:50:35,800 28307 INFO odoo_dev odoo.modules.loading: loading crm_ai_banking/views/wizard_generate_proposal_views.xml 
2026-05-30 01:50:35,805 28307 INFO odoo_dev odoo.modules.loading: loading crm_ai_banking/views/res_partner_views_inherit.xml 
2026-05-30 01:50:35,823 28307 INFO odoo_dev odoo.modules.loading: loading crm_ai_banking/views/menu.xml 
2026-05-30 01:50:35,849 28307 INFO odoo_dev odoo.modules.migration: module crm_ai_banking: Running upgrade [19.0.1.1.0>] post-migration 
2026-05-30 01:50:35,859 28307 INFO odoo_dev odoo.addons.base.models.ir_module: module crm_ai_banking: no translation for language zh_TW 
2026-05-30 01:50:35,862 28307 INFO odoo_dev odoo.addons.base.models.ir_module: module crm_ai_banking: no translation for language ja_JP 
2026-05-30 01:50:35,864 28307 INFO odoo_dev odoo.addons.base.models.ir_module: module crm_ai_banking: no translation for language ko_KP 
2026-05-30 01:50:35,866 28307 INFO odoo_dev odoo.addons.base.models.ir_module: module crm_ai_banking: no translation for language vi_VN 
2026-05-30 01:50:35,889 28307 INFO odoo_dev odoo.modules.loading: Module crm_ai_banking loaded in 1.41s, 1482 queries (+1482 other) 
2026-05-30 01:50:35,924 28307 INFO odoo_dev odoo.modules.loading: 92 modules loaded in 1.79s, 1482 queries (+1482 extra) 
2026-05-30 01:50:36,114 28307 INFO odoo_dev odoo.addons.base.models.ir_model: Deleting 14765@ir.model.fields (crm_ai_banking.field_crm_lead__customer_segment_id) 
2026-05-30 01:50:36,134 28307 INFO odoo_dev odoo.models.unlink: User #1 deleted ir.model.data records with IDs: [143393] 
2026-05-30 01:50:36,134 28307 INFO odoo_dev odoo.models.unlink: User #1 deleted ir.model.fields records with IDs: [14765] 
2026-05-30 01:50:36,142 28307 INFO odoo_dev odoo.registry: verifying fields for every extended model 
2026-05-30 01:50:36,504 28307 INFO odoo_dev odoo.modules.loading: Modules loaded. 
2026-05-30 01:50:36,512 28307 INFO odoo_dev odoo.registry: Registry changed, signaling through the database 
2026-05-30 01:50:36,513 28307 INFO odoo_dev odoo.registry: Registry loaded in 3.732s 
2026-05-30 01:50:36,513 28307 INFO odoo_dev odoo.service.server: Initiating shutdown 
2026-05-30 01:50:36,513 28307 INFO odoo_dev odoo.service.server: Hit CTRL-C again or send a second signal to force the shutdown. 
2026-05-30 01:50:36,513 28307 INFO odoo_dev odoo.sql_db: ConnectionPool(read/write;used=0/count=0/max=64): Closed 1 connections  
