2026-05-30 01:03:52,412 15094 INFO ? odoo: Odoo version 19.0 
2026-05-30 01:03:52,412 15094 INFO ? odoo: Using configuration file at /Users/trung/projects/odoo/odoo.conf 
2026-05-30 01:03:52,412 15094 INFO ? odoo: addons paths: _NamespacePath(['/Users/trung/projects/odoo/odoo/addons', '/Users/trung/Library/Application Support/Odoo/addons/19.0', '/Users/trung/projects/odoo/addons', '/Users/trung/projects/odoo/custom_addons']) 
2026-05-30 01:03:52,412 15094 INFO ? odoo: database: odoo@localhost:5433 
2026-05-30 01:03:52,782 15094 INFO odoo_dev odoo.modules.loading: loading 1 modules... 
2026-05-30 01:03:52,783 15094 INFO odoo_dev odoo.modules.loading: 1 modules loaded in 0.00s, 0 queries (+0 extra) 
2026-05-30 01:03:52,795 15094 INFO odoo_dev odoo.modules.loading: updating modules list 
2026-05-30 01:03:52,797 15094 INFO odoo_dev odoo.addons.base.models.ir_module: ALLOW access to module.update_list on [] to user __system__ #1 via n/a 
2026-05-30 01:03:53,401 15094 INFO odoo_dev odoo.addons.base.models.ir_module: ALLOW access to module.button_upgrade on ['CRM AI Banking'] to user __system__ #1 via n/a 
2026-05-30 01:03:53,401 15094 INFO odoo_dev odoo.addons.base.models.ir_module: ALLOW access to module.update_list on ['CRM AI Banking'] to user __system__ #1 via n/a 
2026-05-30 01:03:53,858 15094 INFO odoo_dev odoo.addons.base.models.ir_module: ALLOW access to module.button_install on [] to user __system__ #1 via n/a 
2026-05-30 01:03:53,878 15094 INFO odoo_dev odoo.modules.loading: loading 92 modules... 
2026-05-30 01:03:54,230 15094 INFO odoo_dev odoo.modules.loading: Loading module crm_ai_banking (67/92) 
2026-05-30 01:03:54,314 15094 WARNING odoo_dev odoo.registry: Model attribute '_sql_constraints' is no longer supported, please define models.Constraint on the model. 
2026-05-30 01:03:54,345 15094 INFO odoo_dev odoo.registry: module crm_ai_banking: creating or updating database tables 
2026-05-30 01:03:54,683 15094 INFO odoo_dev odoo.modules.loading: loading crm_ai_banking/security/ir.model.access.csv 
2026-05-30 01:03:55,307 15094 INFO odoo_dev odoo.modules.loading: loading crm_ai_banking/data/mail_activity_type_data.xml 
2026-05-30 01:03:55,308 15094 INFO odoo_dev odoo.modules.loading: loading crm_ai_banking/data/ir_cron_data.xml 
2026-05-30 01:03:55,341 15094 INFO odoo_dev odoo.modules.loading: loading crm_ai_banking/data/product_checklist_data.xml 
2026-05-30 01:03:55,350 15094 INFO odoo_dev odoo.modules.loading: loading crm_ai_banking/data/product_eligibility_data.xml 
2026-05-30 01:03:55,353 15094 INFO odoo_dev odoo.modules.loading: loading crm_ai_banking/data/customer_segment_data.xml 
2026-05-30 01:03:55,360 15094 INFO odoo_dev odoo.modules.loading: loading crm_ai_banking/views/crm_ai_config_views.xml 
2026-05-30 01:03:55,372 15094 WARNING odoo_dev odoo.addons.base.models.ir_ui_view: An alert (class alert-*) must have an alert, alertdialog or status role or an alert-link class. Please use alert and alertdialog only for what expects to stop any activity to be read immediately.
View error context:
{'file': '/Users/trung/projects/odoo/custom_addons/crm_ai_banking/views/crm_ai_config_views.xml',
 'line': 94,
 'name': 'crm.ai.config.form',
 'view': ir.ui.view(2851,),
 'view.model': 'crm.ai.config',
 'view.parent': ir.ui.view(),
 'xmlid': 'crm_ai_config_form_view'} 
2026-05-30 01:03:55,378 15094 INFO odoo_dev odoo.modules.loading: loading crm_ai_banking/views/crm_ai_call_session_views.xml 
2026-05-30 01:03:55,389 15094 INFO odoo_dev odoo.modules.loading: loading crm_ai_banking/views/crm_customer_segment_views.xml 
2026-05-30 01:03:55,399 15094 WARNING odoo_dev odoo.tools.view_validation: <string>:8:0:ERROR:RELAXNGV:RELAXNG_ERR_NOELEM: Expecting an element field, got nothing 
2026-05-30 01:03:55,399 15094 WARNING odoo_dev odoo.tools.view_validation: <string>:8:0:ERROR:RELAXNGV:RELAXNG_ERR_INVALIDATTR: Invalid attribute expand for element group 
2026-05-30 01:03:55,399 15094 WARNING odoo_dev odoo.tools.view_validation: <string>:2:0:ERROR:RELAXNGV:RELAXNG_ERR_EXTRACONTENT: Element search has extra content: field 
2026-05-30 01:03:55,399 15094 WARNING odoo_dev odoo.tools.view_validation: Invalid XML: Get RNG validator and validate RNG file. 
2026-05-30 01:03:55,403 15094 WARNING odoo_dev odoo.modules.loading: Transient module states were reset 
2026-05-30 01:03:55,403 15094 ERROR odoo_dev odoo.registry: Failed to load registry 
2026-05-30 01:03:55,403 15094 CRITICAL odoo_dev odoo.service.server: Failed to initialize database `odoo_dev`. 
Traceback (most recent call last):
  File "/Users/trung/projects/odoo/odoo/service/server.py", line 1544, in preload_registries
    registry = Registry.new(dbname, update_module=update_module, install_modules=config['init'], upgrade_modules=config['update'], reinit_modules=config['reinit'])
  File "/Users/trung/projects/odoo/odoo/tools/func.py", line 88, in locked
    return func(inst, *args, **kwargs)
  File "/Users/trung/projects/odoo/odoo/orm/registry.py", line 199, in new
    load_modules(
    ~~~~~~~~~~~~^
        registry,
        ^^^^^^^^^
    ...<5 lines>...
        models_to_check=models_to_check,
        ^^^^^^^^^^^^^^^^^^^^^^^^^^^^^^^^
    )
    ^
  File "/Users/trung/projects/odoo/odoo/modules/loading.py", line 464, in load_modules
    load_module_graph(
    ~~~~~~~~~~~~~~~~~^
        env, graph, update_module=update_module,
        ^^^^^^^^^^^^^^^^^^^^^^^^^^^^^^^^^^^^^^^^
        report=report, models_to_check=models_to_check)
        ^^^^^^^^^^^^^^^^^^^^^^^^^^^^^^^^^^^^^^^^^^^^^^^
  File "/Users/trung/projects/odoo/odoo/modules/loading.py", line 224, in load_module_graph
    load_data(env, idref, mode, kind='data', package=package)
    ~~~~~~~~~^^^^^^^^^^^^^^^^^^^^^^^^^^^^^^^^^^^^^^^^^^^^^^^^
  File "/Users/trung/projects/odoo/odoo/modules/loading.py", line 59, in load_data
    convert_file(env, package.name, filename, idref, mode, noupdate=kind == 'demo')
    ~~~~~~~~~~~~^^^^^^^^^^^^^^^^^^^^^^^^^^^^^^^^^^^^^^^^^^^^^^^^^^^^^^^^^^^^^^^^^^^
  File "/Users/trung/projects/odoo/odoo/tools/convert.py", line 693, in convert_file
    convert_xml_import(env, module, fp, idref, mode, noupdate)
    ~~~~~~~~~~~~~~~~~~^^^^^^^^^^^^^^^^^^^^^^^^^^^^^^^^^^^^^^^^
  File "/Users/trung/projects/odoo/odoo/tools/convert.py", line 792, in convert_xml_import
    obj.parse(doc.getroot())
    ~~~~~~~~~^^^^^^^^^^^^^^^
  File "/Users/trung/projects/odoo/odoo/tools/convert.py", line 663, in parse
    self._tag_root(de)
    ~~~~~~~~~~~~~~^^^^
  File "/Users/trung/projects/odoo/odoo/tools/convert.py", line 616, in _tag_root
    raise ParseError(msg) from None  # Restart with "--log-handler odoo.tools.convert:DEBUG" for complete traceback
    ^^^^^^^^^^^^^^^^^^^^^^^^^^^^^^^
odoo.tools.convert.ParseError: while parsing /Users/trung/projects/odoo/custom_addons/crm_ai_banking/views/crm_customer_segment_views.xml:43
Invalid view crm.customer.segment.search definition in crm_ai_banking/views/crm_customer_segment_views.xml

View error context:
'-no context-'

2026-05-30 01:03:55,405 15094 INFO odoo_dev odoo.service.server: Initiating shutdown 
2026-05-30 01:03:55,405 15094 INFO odoo_dev odoo.service.server: Hit CTRL-C again or send a second signal to force the shutdown. 
2026-05-30 01:03:55,405 15094 INFO odoo_dev odoo.sql_db: ConnectionPool(read/write;used=0/count=0/max=64): Closed 1 connections  
2026-05-30 01:04:35,450 15396 INFO ? odoo: Odoo version 19.0 
2026-05-30 01:04:35,450 15396 INFO ? odoo: Using configuration file at /Users/trung/projects/odoo/odoo.conf 
2026-05-30 01:04:35,450 15396 INFO ? odoo: addons paths: _NamespacePath(['/Users/trung/projects/odoo/odoo/addons', '/Users/trung/Library/Application Support/Odoo/addons/19.0', '/Users/trung/projects/odoo/addons', '/Users/trung/projects/odoo/custom_addons']) 
2026-05-30 01:04:35,450 15396 INFO ? odoo: database: odoo@localhost:5433 
2026-05-30 01:04:35,733 15396 INFO odoo_dev odoo.modules.loading: loading 1 modules... 
2026-05-30 01:04:35,735 15396 INFO odoo_dev odoo.modules.loading: 1 modules loaded in 0.00s, 0 queries (+0 extra) 
2026-05-30 01:04:35,748 15396 INFO odoo_dev odoo.modules.loading: updating modules list 
2026-05-30 01:04:35,751 15396 INFO odoo_dev odoo.addons.base.models.ir_module: ALLOW access to module.update_list on [] to user __system__ #1 via n/a 
2026-05-30 01:04:36,368 15396 INFO odoo_dev odoo.addons.base.models.ir_module: ALLOW access to module.button_upgrade on ['CRM AI Banking'] to user __system__ #1 via n/a 
2026-05-30 01:04:36,368 15396 INFO odoo_dev odoo.addons.base.models.ir_module: ALLOW access to module.update_list on ['CRM AI Banking'] to user __system__ #1 via n/a 
2026-05-30 01:04:36,790 15396 INFO odoo_dev odoo.addons.base.models.ir_module: ALLOW access to module.button_install on [] to user __system__ #1 via n/a 
2026-05-30 01:04:36,807 15396 INFO odoo_dev odoo.modules.loading: loading 92 modules... 
2026-05-30 01:04:37,159 15396 INFO odoo_dev odoo.modules.loading: Loading module crm_ai_banking (67/92) 
2026-05-30 01:04:37,237 15396 WARNING odoo_dev odoo.registry: Model attribute '_sql_constraints' is no longer supported, please define models.Constraint on the model. 
2026-05-30 01:04:37,267 15396 INFO odoo_dev odoo.registry: module crm_ai_banking: creating or updating database tables 
2026-05-30 01:04:37,549 15396 INFO odoo_dev odoo.modules.loading: loading crm_ai_banking/security/ir.model.access.csv 
2026-05-30 01:04:38,174 15396 INFO odoo_dev odoo.modules.loading: loading crm_ai_banking/data/mail_activity_type_data.xml 
2026-05-30 01:04:38,175 15396 INFO odoo_dev odoo.modules.loading: loading crm_ai_banking/data/ir_cron_data.xml 
2026-05-30 01:04:38,208 15396 INFO odoo_dev odoo.modules.loading: loading crm_ai_banking/data/product_checklist_data.xml 
2026-05-30 01:04:38,216 15396 INFO odoo_dev odoo.modules.loading: loading crm_ai_banking/data/product_eligibility_data.xml 
2026-05-30 01:04:38,220 15396 INFO odoo_dev odoo.modules.loading: loading crm_ai_banking/data/customer_segment_data.xml 
2026-05-30 01:04:38,227 15396 INFO odoo_dev odoo.modules.loading: loading crm_ai_banking/views/crm_ai_config_views.xml 
2026-05-30 01:04:38,239 15396 WARNING odoo_dev odoo.addons.base.models.ir_ui_view: An alert (class alert-*) must have an alert, alertdialog or status role or an alert-link class. Please use alert and alertdialog only for what expects to stop any activity to be read immediately.
View error context:
{'file': '/Users/trung/projects/odoo/custom_addons/crm_ai_banking/views/crm_ai_config_views.xml',
 'line': 94,
 'name': 'crm.ai.config.form',
 'view': ir.ui.view(2851,),
 'view.model': 'crm.ai.config',
 'view.parent': ir.ui.view(),
 'xmlid': 'crm_ai_config_form_view'} 
2026-05-30 01:04:38,245 15396 INFO odoo_dev odoo.modules.loading: loading crm_ai_banking/views/crm_ai_call_session_views.xml 
2026-05-30 01:04:38,257 15396 INFO odoo_dev odoo.modules.loading: loading crm_ai_banking/views/crm_customer_segment_views.xml 
2026-05-30 01:04:38,268 15396 INFO odoo_dev odoo.modules.loading: loading crm_ai_banking/views/crm_account_contact_views.xml 
2026-05-30 01:04:38,277 15396 INFO odoo_dev odoo.modules.loading: loading crm_ai_banking/views/crm_ai_document_views.xml 
2026-05-30 01:04:38,286 15396 INFO odoo_dev odoo.modules.loading: loading crm_ai_banking/views/crm_product_recommendation_views.xml 
2026-05-30 01:04:38,300 15396 INFO odoo_dev odoo.modules.loading: loading crm_ai_banking/views/crm_ai_coaching_report_views.xml 
2026-05-30 01:04:38,308 15396 INFO odoo_dev odoo.modules.loading: loading crm_ai_banking/views/crm_lead_views_inherit.xml 
2026-05-30 01:04:38,319 15396 WARNING odoo_dev odoo.addons.base.models.ir_ui_view: An alert (class alert-*) must have an alert, alertdialog or status role or an alert-link class. Please use alert and alertdialog only for what expects to stop any activity to be read immediately.
View error context:
{'file': '/Users/trung/projects/odoo/custom_addons/crm_ai_banking/views/crm_lead_views_inherit.xml',
 'line': 29,
 'name': 'crm.lead.form.inherit.ai',
 'view': ir.ui.view(2855,),
 'view.model': 'crm.lead',
 'view.parent': ir.ui.view(1361,),
 'xmlid': 'crm_lead_form_inherit_ai'} 
2026-05-30 01:04:38,327 15396 WARNING odoo_dev odoo.addons.base.models.ir_ui_view: An alert (class alert-*) must have an alert, alertdialog or status role or an alert-link class. Please use alert and alertdialog only for what expects to stop any activity to be read immediately.
View error context:
{'file': '/Users/trung/projects/odoo/custom_addons/crm_ai_banking/views/crm_lead_views_inherit.xml',
 'line': 28,
 'name': 'crm.lead.form.inherit.ai',
 'view': ir.ui.view(2855,),
 'view.model': 'crm.lead',
 'view.parent': ir.ui.view(1361,),
 'xmlid': 'crm_lead_form_inherit_ai'} 
2026-05-30 01:04:38,336 15396 WARNING odoo_dev odoo.addons.base.models.ir_ui_view: An alert (class alert-*) must have an alert, alertdialog or status role or an alert-link class. Please use alert and alertdialog only for what expects to stop any activity to be read immediately.
View error context:
{'file': '/Users/trung/projects/odoo/custom_addons/crm_ai_banking/views/crm_lead_views_inherit.xml',
 'line': 28,
 'name': 'crm.lead.form.inherit.checklist',
 'view': ir.ui.view(2856,),
 'view.model': 'crm.lead',
 'view.parent': ir.ui.view(1361,),
 'xmlid': 'crm_lead_form_inherit_checklist'} 
2026-05-30 01:04:38,342 15396 WARNING odoo_dev odoo.addons.base.models.ir_ui_view: An alert (class alert-*) must have an alert, alertdialog or status role or an alert-link class. Please use alert and alertdialog only for what expects to stop any activity to be read immediately.
View error context:
{'file': '/Users/trung/projects/odoo/custom_addons/crm_ai_banking/views/crm_lead_views_inherit.xml',
 'line': 28,
 'name': 'crm.lead.form.inherit.checklist',
 'view': ir.ui.view(2856,),
 'view.model': 'crm.lead',
 'view.parent': ir.ui.view(1361,),
 'xmlid': 'crm_lead_form_inherit_checklist'} 
2026-05-30 01:04:38,346 15396 INFO odoo_dev odoo.modules.loading: loading crm_ai_banking/views/crm_document_checklist_views.xml 
2026-05-30 01:04:38,359 15396 INFO odoo_dev odoo.modules.loading: loading crm_ai_banking/views/wizard_scan_document_views.xml 
2026-05-30 01:04:38,367 15396 INFO odoo_dev odoo.modules.loading: loading crm_ai_banking/views/wizard_zalo_compose_views.xml 
2026-05-30 01:04:38,372 15396 INFO odoo_dev odoo.modules.loading: loading crm_ai_banking/views/wizard_generate_proposal_views.xml 
2026-05-30 01:04:38,377 15396 INFO odoo_dev odoo.modules.loading: loading crm_ai_banking/views/res_partner_views_inherit.xml 
2026-05-30 01:04:38,394 15396 INFO odoo_dev odoo.modules.loading: loading crm_ai_banking/views/menu.xml 
2026-05-30 01:04:38,417 15396 INFO odoo_dev odoo.addons.base.models.ir_module: module crm_ai_banking: no translation for language zh_TW 
2026-05-30 01:04:38,420 15396 INFO odoo_dev odoo.addons.base.models.ir_module: module crm_ai_banking: no translation for language ja_JP 
2026-05-30 01:04:38,422 15396 INFO odoo_dev odoo.addons.base.models.ir_module: module crm_ai_banking: no translation for language ko_KP 
2026-05-30 01:04:38,423 15396 INFO odoo_dev odoo.addons.base.models.ir_module: module crm_ai_banking: no translation for language vi_VN 
2026-05-30 01:04:38,446 15396 INFO odoo_dev odoo.modules.loading: Module crm_ai_banking loaded in 1.29s, 1239 queries (+1239 other) 
2026-05-30 01:04:38,479 15396 INFO odoo_dev odoo.modules.loading: 92 modules loaded in 1.67s, 1239 queries (+1239 extra) 
2026-05-30 01:04:38,714 15396 INFO odoo_dev odoo.addons.base.models.ir_model: Deleting 3403@ir.model.fields.selection (crm_ai_banking.selection__crm_lead__customer_segment__business) 
2026-05-30 01:04:38,731 15396 INFO odoo_dev odoo.models.unlink: User #1 deleted ir.model.data records with IDs: [140332] 
2026-05-30 01:04:38,732 15396 INFO odoo_dev odoo.models.unlink: User #1 deleted ir.model.fields.selection records with IDs: [3403] 
2026-05-30 01:04:38,739 15396 INFO odoo_dev odoo.addons.base.models.ir_model: Deleting 3402@ir.model.fields.selection (crm_ai_banking.selection__crm_lead__customer_segment__individual) 
2026-05-30 01:04:38,744 15396 INFO odoo_dev odoo.models.unlink: User #1 deleted ir.model.data records with IDs: [140331] 
2026-05-30 01:04:38,744 15396 INFO odoo_dev odoo.models.unlink: User #1 deleted ir.model.fields.selection records with IDs: [3402] 
2026-05-30 01:04:38,746 15396 INFO odoo_dev odoo.addons.base.models.ir_model: Deleting 14737@ir.model.fields (crm_ai_banking.field_crm_lead__customer_segment) 
2026-05-30 01:04:38,765 15396 INFO odoo_dev odoo.models.unlink: User #1 deleted ir.model.data records with IDs: [139614] 
2026-05-30 01:04:38,765 15396 INFO odoo_dev odoo.models.unlink: User #1 deleted ir.model.fields records with IDs: [14737] 
2026-05-30 01:04:38,775 15396 INFO odoo_dev odoo.registry: verifying fields for every extended model 
2026-05-30 01:04:39,160 15396 INFO odoo_dev odoo.modules.loading: Modules loaded. 
2026-05-30 01:04:39,170 15396 INFO odoo_dev odoo.registry: Registry changed, signaling through the database 
2026-05-30 01:04:39,171 15396 INFO odoo_dev odoo.registry: Registry loaded in 3.482s 
2026-05-30 01:04:39,171 15396 INFO odoo_dev odoo.service.server: Initiating shutdown 
2026-05-30 01:04:39,171 15396 INFO odoo_dev odoo.service.server: Hit CTRL-C again or send a second signal to force the shutdown. 
2026-05-30 01:04:39,171 15396 INFO odoo_dev odoo.sql_db: ConnectionPool(read/write;used=0/count=0/max=64): Closed 1 connections  
